---
source: crates/acetone-cypher/tests/error_messages.rs
expression: out
---
### lex/unterminated-string
input:  RETURN 'unterminated
error:  line 1, column 8: unterminated string literal

### lex/unterminated-block-comment
input:  RETURN /* open
error:  line 1, column 8: unterminated block comment

### parse/unclosed-node-pattern
input:  MATCH (n:Host RETURN n
error:  line 1, column 15: expected ')' to close the node pattern, found 'RETURN'

### parse/expression-expected
input:  MATCH (n:Host) WHERE n.x > RETURN n
error:  line 1, column 28: 'RETURN' is a reserved word and cannot be used as a variable (backquote it to use it as a name)

### parse/unknown-leading-keyword
input:  MATCHX (n) RETURN n
error:  line 1, column 1: expected a clause (MATCH, OPTIONAL MATCH, UNWIND, WITH, RETURN, CALL, CREATE, SET, REMOVE, DELETE or DETACH DELETE), found 'MATCHX'

### parse/incomplete-match
input:  MATCH (n)
error:  line 1, column 1: query must end with RETURN, a write clause, or a standalone CALL

### parse/bare-return
input:  RETURN
error:  line 1, column 7: expected an expression, found end of input

### parse/double-return
input:  MATCH (n) RETURN n RETURN n
error:  line 1, column 20: no clause may follow RETURN

### parse/where-without-predicate
input:  MATCH (n) WHERE RETURN n
error:  line 1, column 17: 'RETURN' is a reserved word and cannot be used as a variable (backquote it to use it as a name)

### parse/incomplete-return-expr
input:  MATCH (n) RETURN
error:  line 1, column 17: expected an expression, found end of input

### bind/undefined-variable
input:  MATCH (n) RETURN m
error:  line 1, column 18: undefined variable 'm'

### bind/undefined-in-where
input:  MATCH (n) WHERE m.x > 1 RETURN n
error:  line 1, column 17: undefined variable 'm'

### bind/order-by-undefined
input:  MATCH (n) RETURN n.x ORDER BY nope
error:  line 1, column 31: undefined variable 'nope'

### bind/create-rel-missing-type
input:  CREATE (:A)-[]->(:B)
error:  line 1, column 12: CREATE requires a relationship type — write it with a colon, e.g. `[:LINK]`; a bare `[LINK]` is a variable, not a type

### bind/create-rel-multiple-types
input:  CREATE (:A)-[:X|Y]->(:B)
error:  line 1, column 12: CREATE requires exactly one relationship type

### bind/unknown-function-typo
input:  RETURN toUppr('a')
error:  line 1, column 8: unknown function 'toUppr' — did you mean "toUpper"?

### bind/unknown-function-nonsense
input:  RETURN frobnicate(1)
error:  line 1, column 8: unknown function 'frobnicate'

### bind/unknown-label-typo (strict)
input:  MATCH (n:Hst) RETURN n
error:  line 1, column 7: unknown label 'Hst' (declared labels come from the schema map) — did you mean "Host"?

### bind/unknown-label-nonsense (strict)
input:  MATCH (n:Zzzzzz) RETURN n
error:  line 1, column 7: unknown label 'Zzzzzz' (declared labels come from the schema map)

### bind/unknown-rel-type-typo (strict)
input:  MATCH (h:Host)-[:RUNZ]->(x:Host) RETURN h
error:  line 1, column 15: unknown relationship type 'RUNZ' — declare it first with `acetone declare-rel-type "RUNZ"` — did you mean "RUNS"?

### bind/unknown-rel-type-nonsense (strict)
input:  MATCH (h:Host)-[:ZZZZZZ]->(x:Host) RETURN h
error:  line 1, column 15: unknown relationship type 'ZZZZZZ' — declare it first with `acetone declare-rel-type "ZZZZZZ"`

### bind/unknown-property-typo (strict)
input:  MATCH (h:Host {hstname: 'a'}) RETURN h
error:  line 1, column 15: unknown property 'hstname' on label 'Host' — did you mean "hostname"?

### bind/unknown-property-nonsense (strict)
input:  MATCH (h:Host {zzzzzzz: 1}) RETURN h
error:  line 1, column 15: unknown property 'zzzzzzz' on label 'Host'
